******************************************************************************
          TMS320C6x COFF Linker PC Version 4.10                
******************************************************************************
>> Linked Fri Jun 07 15:03:12 2024

OUTPUT FILE NAME:   <ram_main.out>
ENTRY POINT SYMBOL: "_c_int00"  address: 00008f00


MEMORY CONFIGURATION

                  name            origin    length      used    attr    fill
         ----------------------  --------  ---------  --------  ----  --------
         VECT                    00000000   00000200  00000200  RWIX
         IPRAM                   00000200   0000fe00  00008f60  RWIX
         EXRAM                   00400000   00040000  0000800c  RWIX
         CE1VECS                 01400000   00000200  00000000  RWIX
         CE1MEM                  01400200   0000fe00  00000000  RWIX
         IOCE2                   02000000   00010000  00000000  RWIX
         IDRAM                   80000000   00010000  00002a81  RWIX


SECTION ALLOCATION MAP

 output                                  attributes/
section   page    origin      length       input sections
--------  ----  ----------  ----------   ----------------
.vector    0    00000000    00000200     
                  00000000    00000200     initvec.obj (.vector)

.text      0    00000200    00008f60     
                  00000200    000029a0     rts6701.lib : _printfi.obj (.text)
                  00002ba0    00000000                 : ctype.obj (.text)
                  00002ba0    00000000                 : errno.obj (.text)
                  00002ba0    00000000     initvec.obj (.text)
                  00002ba0    00000000     rts6701.lib : sysmem.obj (.text)
                  00002ba0    00000fc0                 : memory.obj (.text)
                  00003b60    00000ce0     main.obj (.text)
                  00004840    00000ac0     rts6701.lib : pow.obj (.text)
                  00005300    00000780     interrupt.obj (.text)
                  00005a80    00000480     serial.obj (.text)
                  00005f00    00000460     rts6701.lib : imath40.obj (.text)
                  00006360    00000440                 : cos.obj (.text)
                  000067a0    00000420                 : fmod.obj (.text)
                  00006bc0    00000420                 : ecvt.obj (.text)
                  00006fe0    000003e0                 : fcvt.obj (.text)
                  000073c0    000002e0                 : frcdivd.obj (.text)
                  000076a0    000002a0                 : memcpy.obj (.text)
                  00007940    00000240                 : exit.obj (.text)
                  00007b80    00000220                 : divd.obj (.text)
                  00007da0    00000200                 : round.obj (.text)
                  00007fa0    000001c0     USBMon.obj (.text)
                  00008160    000001c0     rts6701.lib : sprintf.obj (.text)
                  00008320    000001a0                 : divf.obj (.text)
                  000084c0    00000180                 : ldexp.obj (.text)
                  00008640    00000140                 : atoi.obj (.text)
                  00008780    00000140                 : frexp.obj (.text)
                  000088c0    00000140                 : ltoa.obj (.text)
                  00008a00    00000120                 : frcdivf.obj (.text)
                  00008b20    00000100                 : autoinit.obj (.text)
                  00008c20    000000c0                 : divu.obj (.text)
                  00008ce0    000000c0                 : modf.obj (.text)
                  00008da0    000000c0                 : fixdli.obj (.text)
                  00008e60    000000a0                 : remi.obj (.text)
                  00008f00    000000a0                 : boot.obj (.text)
                  00008fa0    00000080                 : strcpy.obj (.text)
                  00009020    00000060                 : memccpy.obj (.text)
                  00009080    00000060                 : strlen.obj (.text)
                  000090e0    00000040                 : _lock.obj (.text)
                  00009120    00000040                 : trunc.obj (.text)

.cinit     0    80000000    000002cc     
                  80000000    00000140     rts6701.lib : pow.obj (.cinit)
                  80000140    0000005c     main.obj (.cinit)
                  8000019c    00000004     --HOLE-- [fill = 00000000]
                  800001a0    0000004c     interrupt.obj (.cinit)
                  800001ec    00000004     --HOLE-- [fill = 00000000]
                  800001f0    00000048     rts6701.lib : cos.obj (.cinit)
                  80000238    0000002c                 : exit.obj (.cinit)
                  80000264    00000004     --HOLE-- [fill = 00000000]
                  80000268    0000001c                 : sysmem.obj (.cinit)
                  80000284    00000004     --HOLE-- [fill = 00000000]
                  80000288    0000001c                 : _lock.obj (.cinit)
                  800002a4    00000004     --HOLE-- [fill = 00000000]
                  800002a8    0000000c                 : memory.obj (.cinit)
                  800002b4    00000004     --HOLE-- [fill = 00000000]
                  800002b8    0000000c                 : errno.obj (.cinit)
                  800002c4    00000008     --HOLE-- [fill = 00000000]

.const     0    800002cc    000001a9     
                  800002cc    00000101     rts6701.lib : ctype.obj (.const)
                  800003cd    0000007e     main.obj (.const)
                  8000044b    0000002a     rts6701.lib : _printfi.obj (.const)

.switch    0    80000000    00000000     UNINITIALIZED

.bss       0    80000000    00000000     UNINITIALIZED
                  80000000    00000000     initvec.obj (.bss)
                  80000000    00000000     rts6701.lib : sysmem.obj (.bss)
                  80000000    00000000                 : memory.obj (.bss)
                  80000000    00000000                 : memcpy.obj (.bss)
                  80000000    00000000                 : memccpy.obj (.bss)
                  80000000    00000000                 : ltoa.obj (.bss)
                  80000000    00000000                 : imath40.obj (.bss)
                  80000000    00000000                 : fixdli.obj (.bss)
                  80000000    00000000                 : fcvt.obj (.bss)
                  80000000    00000000                 : errno.obj (.bss)
                  80000000    00000000                 : ecvt.obj (.bss)
                  80000000    00000000                 : divu.obj (.bss)
                  80000000    00000000                 : autoinit.obj (.bss)
                  80000000    00000000                 : _printfi.obj (.bss)
                  80000000    00000000                 : _lock.obj (.bss)
                  80000000    00000000                 : trunc.obj (.bss)
                  80000000    00000000                 : strlen.obj (.bss)
                  80000000    00000000                 : strcpy.obj (.bss)
                  80000000    00000000                 : sprintf.obj (.bss)
                  80000000    00000000                 : round.obj (.bss)
                  80000000    00000000                 : remi.obj (.bss)
                  80000000    00000000                 : pow.obj (.bss)
                  80000000    00000000                 : modf.obj (.bss)
                  80000000    00000000                 : ldexp.obj (.bss)
                  80000000    00000000                 : frexp.obj (.bss)
                  80000000    00000000                 : frcdivf.obj (.bss)
                  80000000    00000000                 : frcdivd.obj (.bss)
                  80000000    00000000                 : fmod.obj (.bss)
                  80000000    00000000                 : exit.obj (.bss)
                  80000000    00000000                 : divf.obj (.bss)
                  80000000    00000000                 : divd.obj (.bss)
                  80000000    00000000                 : ctype.obj (.bss)
                  80000000    00000000                 : cos.obj (.bss)
                  80000000    00000000                 : boot.obj (.bss)
                  80000000    00000000                 : atoi.obj (.bss)
                  80000000    00000000     USBMon.obj (.bss)
                  80000000    00000000     serial.obj (.bss)
                  80000000    00000000     interrupt.obj (.bss)
                  80000000    00000000     main.obj (.bss)

.cio       0    80000000    00000000     UNINITIALIZED

.data      0    80000000    00000000     UNINITIALIZED
                  80000000    00000000     initvec.obj (.data)
                  80000000    00000000     rts6701.lib : sysmem.obj (.data)
                  80000000    00000000                 : memory.obj (.data)
                  80000000    00000000                 : memcpy.obj (.data)
                  80000000    00000000                 : memccpy.obj (.data)
                  80000000    00000000                 : ltoa.obj (.data)
                  80000000    00000000                 : imath40.obj (.data)
                  80000000    00000000                 : fixdli.obj (.data)
                  80000000    00000000                 : fcvt.obj (.data)
                  80000000    00000000                 : errno.obj (.data)
                  80000000    00000000                 : ecvt.obj (.data)
                  80000000    00000000                 : divu.obj (.data)
                  80000000    00000000                 : autoinit.obj (.data)
                  80000000    00000000                 : _printfi.obj (.data)
                  80000000    00000000                 : _lock.obj (.data)
                  80000000    00000000                 : trunc.obj (.data)
                  80000000    00000000                 : strlen.obj (.data)
                  80000000    00000000                 : strcpy.obj (.data)
                  80000000    00000000                 : sprintf.obj (.data)
                  80000000    00000000                 : round.obj (.data)
                  80000000    00000000                 : remi.obj (.data)
                  80000000    00000000                 : pow.obj (.data)
                  80000000    00000000                 : modf.obj (.data)
                  80000000    00000000                 : ldexp.obj (.data)
                  80000000    00000000                 : frexp.obj (.data)
                  80000000    00000000                 : frcdivf.obj (.data)
                  80000000    00000000                 : frcdivd.obj (.data)
                  80000000    00000000                 : fmod.obj (.data)
                  80000000    00000000                 : exit.obj (.data)
                  80000000    00000000                 : divf.obj (.data)
                  80000000    00000000                 : divd.obj (.data)
                  80000000    00000000                 : ctype.obj (.data)
                  80000000    00000000                 : cos.obj (.data)
                  80000000    00000000                 : boot.obj (.data)
                  80000000    00000000                 : atoi.obj (.data)
                  80000000    00000000     USBMon.obj (.data)
                  80000000    00000000     serial.obj (.data)
                  80000000    00000000     interrupt.obj (.data)
                  80000000    00000000     main.obj (.data)

.far       0    80000478    0000060c     UNINITIALIZED
                  80000478    00000288     serial.obj (.far)
                  80000700    00000120     rts6701.lib : pow.obj (.far)
                  80000820    0000008c                 : exit.obj (.far)
                  800008ac    00000080                 : _printfi.obj (.far)
                  8000092c    00000064                 : fcvt.obj (.far)
                  80000990    00000064                 : ecvt.obj (.far)
                  800009f4    00000004                 : sprintf.obj (.far)
                  800009f8    00000040                 : cos.obj (.far)
                  80000a38    00000024     main.obj (.far)
                  80000a5c    00000014     interrupt.obj (.far)
                  80000a70    00000008     rts6701.lib : memory.obj (.far)
                  80000a78    00000008                 : _lock.obj (.far)
                  80000a80    00000004                 : errno.obj (.far)

.stack     0    80000a88    00001000     UNINITIALIZED
                  80000a88    00000000     rts6701.lib : boot.obj (.stack)

.sysmem    0    80001a88    00001000     UNINITIALIZED
                  80001a88    00000000     rts6701.lib : sysmem.obj (.sysmem)

.USBMON    0    00400000    0000800c     UNINITIALIZED
                  00400000    0000800c     USBMon.obj (.USBMON)


GLOBAL SYMBOLS: SORTED ALPHABETICALLY BY Name 

address    name
--------   ----
80000000   $bss
80000000   .bss
80000000   .data
00000200   .text
00007b68   C$$EXIT
00005c10   _CheckSum
00003bf8   _GIE
00003e74   _GetCartPos
00003ef8   _GetPendulumAngle
00003ff8   _GetPendulumAngularVelocity
80000a40   _INTRR_cnt
00005320   _ISRNMI
00005300   _ISRextint4
00005308   _ISRextint5
00005328   _ISRextint6
00005680   _ISRtimer0
00003b60   _InitEXINTF
00003be0   _InitINT
00003ba0   _InitTimer
00005a80   _InitUART
00007fa0   _InitUSBMon
00003d9c   _PWMOut
80000a44   _R
00005b8c   _ReceiveByte
00005d9c   _Report
00005ba8   _SendByte
00005d04   _SendData
000040d4   _SwingUpControl
80000a6c   _TFlag
80000a38   _TINTCnt
00007fdc   _UMAddData
00400000   _USBMonStuff
00003cc4   _WaitTFlag
00003d18   _WaitTFlagCnt
00001000   __STACK_SIZE
00001000   __SYSMEM_SIZE
80000000   ___bss__
80000000   ___cinit__
80000000   ___data__
80000000   ___edata__
80000000   ___end__
00009160   ___etext__
ffffffff   ___pinit__
00000200   ___text__
00008b20   __auto_init
800008a4   __cleanup_ptr
800002cc   __ctypes_
00007b80   __divd
00008320   __divf
00006298   __divli
00008c20   __divu
00005f98   __divul
800008a8   __dtors_ptr
00008da0   __fixdli
000073c0   __frcdivd
00008a00   __frcdivf
80000a78   __lock
80000a70   __memory_size
000090e0   __nop
00000200   __printfi
000090e8   __register_lock
000090fc   __register_unlock
00008e60   __remi
000061f8   __remli
00005f00   __remul
00007da0   __round
80000a88   __stack
80001a88   __sys_memory
00009120   __trunc
80000a7c   __unlock
00007b68   _abort
80000a4c   _accel
00007a90   _atexit
00008640   _atoi
00008f00   _c_int00
00005310   _c_int08
00005318   _c_int09
00002f44   _calloc
80000a50   _cart_R
80000a64   _cart_prevErr
80000a68   _cart_sumErr
80000478   _compacket
00006360   _cos
00003c64   _delay_ms
00003c0c   _delay_us
00006bc0   _ecvt
80000a80   _errno
00007940   _exit
00006fe0   _fcvt
000067a0   _fmod
000033c8   _free
00008780   _frexp
000084c0   _ldexp
000088c0   _ltoa
00004460   _main
00002d7c   _malloc
00003790   _memalign
00009020   _memccpy
000076a0   _memcpy
00002d14   _minit
00008ce0   _modf
00004840   _pow
80000a5c   _prevErr
00002fec   _realloc
80000564   _respacket
00008160   _sprintf
00008fa0   _strcpy
00009080   _strlen
80000a60   _sumErr
80000a3c   _timerCheckCnt
80000638   _tmp_string
80000a48   _vel_max
80000000   cinit
80000000   edata
80000000   end
00009160   etext
ffffffff   pinit


GLOBAL SYMBOLS: SORTED BY Symbol Address 

address    name
--------   ----
00000200   .text
00000200   ___text__
00000200   __printfi
00001000   __STACK_SIZE
00001000   __SYSMEM_SIZE
00002d14   _minit
00002d7c   _malloc
00002f44   _calloc
00002fec   _realloc
000033c8   _free
00003790   _memalign
00003b60   _InitEXINTF
00003ba0   _InitTimer
00003be0   _InitINT
00003bf8   _GIE
00003c0c   _delay_us
00003c64   _delay_ms
00003cc4   _WaitTFlag
00003d18   _WaitTFlagCnt
00003d9c   _PWMOut
00003e74   _GetCartPos
00003ef8   _GetPendulumAngle
00003ff8   _GetPendulumAngularVelocity
000040d4   _SwingUpControl
00004460   _main
00004840   _pow
00005300   _ISRextint4
00005308   _ISRextint5
00005310   _c_int08
00005318   _c_int09
00005320   _ISRNMI
00005328   _ISRextint6
00005680   _ISRtimer0
00005a80   _InitUART
00005b8c   _ReceiveByte
00005ba8   _SendByte
00005c10   _CheckSum
00005d04   _SendData
00005d9c   _Report
00005f00   __remul
00005f98   __divul
000061f8   __remli
00006298   __divli
00006360   _cos
000067a0   _fmod
00006bc0   _ecvt
00006fe0   _fcvt
000073c0   __frcdivd
000076a0   _memcpy
00007940   _exit
00007a90   _atexit
00007b68   _abort
00007b68   C$$EXIT
00007b80   __divd
00007da0   __round
00007fa0   _InitUSBMon
00007fdc   _UMAddData
00008160   _sprintf
00008320   __divf
000084c0   _ldexp
00008640   _atoi
00008780   _frexp
000088c0   _ltoa
00008a00   __frcdivf
00008b20   __auto_init
00008c20   __divu
00008ce0   _modf
00008da0   __fixdli
00008e60   __remi
00008f00   _c_int00
00008fa0   _strcpy
00009020   _memccpy
00009080   _strlen
000090e0   __nop
000090e8   __register_lock
000090fc   __register_unlock
00009120   __trunc
00009160   ___etext__
00009160   etext
00400000   _USBMonStuff
80000000   ___data__
80000000   ___cinit__
80000000   ___edata__
80000000   end
80000000   ___end__
80000000   ___bss__
80000000   .bss
80000000   .data
80000000   $bss
80000000   edata
80000000   cinit
800002cc   __ctypes_
80000478   _compacket
80000564   _respacket
80000638   _tmp_string
800008a4   __cleanup_ptr
800008a8   __dtors_ptr
80000a38   _TINTCnt
80000a3c   _timerCheckCnt
80000a40   _INTRR_cnt
80000a44   _R
80000a48   _vel_max
80000a4c   _accel
80000a50   _cart_R
80000a5c   _prevErr
80000a60   _sumErr
80000a64   _cart_prevErr
80000a68   _cart_sumErr
80000a6c   _TFlag
80000a70   __memory_size
80000a78   __lock
80000a7c   __unlock
80000a80   _errno
80000a88   __stack
80001a88   __sys_memory
ffffffff   pinit
ffffffff   ___pinit__

[117 symbols]
