******************************************************************************
          TMS320C6x COFF Linker PC Version 4.10                
******************************************************************************
>> Linked Thu Jun 06 14:20:38 2024

OUTPUT FILE NAME:   <ram_main.out>
ENTRY POINT SYMBOL: "_c_int00"  address: 00007b20


MEMORY CONFIGURATION

                  name            origin    length      used    attr    fill
         ----------------------  --------  ---------  --------  ----  --------
         VECT                    00000000   00000200  00000200  RWIX
         IPRAM                   00000200   0000fe00  00007b80  RWIX
         EXRAM                   00400000   00040000  0000800c  RWIX
         CE1VECS                 01400000   00000200  00000000  RWIX
         CE1MEM                  01400200   0000fe00  00000000  RWIX
         IOCE2                   02000000   00010000  00000000  RWIX
         IDRAM                   80000000   00010000  00002791  RWIX


SECTION ALLOCATION MAP

 output                                  attributes/
section   page    origin      length       input sections
--------  ----  ----------  ----------   ----------------
.vector    0    00000000    00000200     
                  00000000    00000200     initvec.obj (.vector)

.text      0    00000200    00007b80     
                  00000200    000029a0     rts6701.lib : _printfi.obj (.text)
                  00002ba0    00000000                 : ctype.obj (.text)
                  00002ba0    00000000                 : errno.obj (.text)
                  00002ba0    00000000                 : sysmem.obj (.text)
                  00002ba0    00000000     initvec.obj (.text)
                  00002ba0    00000fc0     rts6701.lib : memory.obj (.text)
                  00003b60    00000b60     main.obj (.text)
                  000046c0    000006e0     interrupt.obj (.text)
                  00004da0    00000480     serial.obj (.text)
                  00005220    00000460     rts6701.lib : imath40.obj (.text)
                  00005680    00000420                 : fmod.obj (.text)
                  00005aa0    00000420                 : ecvt.obj (.text)
                  00005ec0    000003e0                 : fcvt.obj (.text)
                  000062a0    000002e0                 : frcdivd.obj (.text)
                  00006580    000002a0                 : memcpy.obj (.text)
                  00006820    00000240                 : exit.obj (.text)
                  00006a60    00000220                 : divd.obj (.text)
                  00006c80    00000200                 : round.obj (.text)
                  00006e80    000001c0                 : sprintf.obj (.text)
                  00007040    000001c0     USBMon.obj (.text)
                  00007200    00000180     rts6701.lib : ldexp.obj (.text)
                  00007380    00000140                 : ltoa.obj (.text)
                  000074c0    00000140                 : atoi.obj (.text)
                  00007600    00000140                 : frexp.obj (.text)
                  00007740    00000100                 : autoinit.obj (.text)
                  00007840    000000c0                 : divu.obj (.text)
                  00007900    000000c0                 : modf.obj (.text)
                  000079c0    000000c0                 : fixdli.obj (.text)
                  00007a80    000000a0                 : remi.obj (.text)
                  00007b20    000000a0                 : boot.obj (.text)
                  00007bc0    00000080                 : strcpy.obj (.text)
                  00007c40    00000060                 : strlen.obj (.text)
                  00007ca0    00000060                 : memccpy.obj (.text)
                  00007d00    00000040                 : _lock.obj (.text)
                  00007d40    00000040                 : trunc.obj (.text)

.cinit     0    80000000    00000144     
                  80000000    0000005c     main.obj (.cinit)
                  8000005c    00000004     --HOLE-- [fill = 00000000]
                  80000060    0000004c     interrupt.obj (.cinit)
                  800000ac    00000004     --HOLE-- [fill = 00000000]
                  800000b0    0000002c     rts6701.lib : exit.obj (.cinit)
                  800000dc    00000004     --HOLE-- [fill = 00000000]
                  800000e0    0000001c                 : sysmem.obj (.cinit)
                  800000fc    00000004     --HOLE-- [fill = 00000000]
                  80000100    0000001c                 : _lock.obj (.cinit)
                  8000011c    00000004     --HOLE-- [fill = 00000000]
                  80000120    0000000c                 : memory.obj (.cinit)
                  8000012c    00000004     --HOLE-- [fill = 00000000]
                  80000130    0000000c                 : errno.obj (.cinit)
                  8000013c    00000008     --HOLE-- [fill = 00000000]

.const     0    80000144    000001a9     
                  80000144    00000101     rts6701.lib : ctype.obj (.const)
                  80000245    0000007e     main.obj (.const)
                  800002c3    0000002a     rts6701.lib : _printfi.obj (.const)

.switch    0    80000000    00000000     UNINITIALIZED

.bss       0    80000000    00000000     UNINITIALIZED
                  80000000    00000000     initvec.obj (.bss)
                  80000000    00000000     rts6701.lib : sysmem.obj (.bss)
                  80000000    00000000                 : modf.obj (.bss)
                  80000000    00000000                 : memory.obj (.bss)
                  80000000    00000000                 : memcpy.obj (.bss)
                  80000000    00000000                 : memccpy.obj (.bss)
                  80000000    00000000                 : ltoa.obj (.bss)
                  80000000    00000000                 : imath40.obj (.bss)
                  80000000    00000000                 : fixdli.obj (.bss)
                  80000000    00000000                 : fcvt.obj (.bss)
                  80000000    00000000                 : errno.obj (.bss)
                  80000000    00000000                 : ecvt.obj (.bss)
                  80000000    00000000                 : divu.obj (.bss)
                  80000000    00000000                 : autoinit.obj (.bss)
                  80000000    00000000                 : _printfi.obj (.bss)
                  80000000    00000000                 : _lock.obj (.bss)
                  80000000    00000000                 : trunc.obj (.bss)
                  80000000    00000000                 : strlen.obj (.bss)
                  80000000    00000000                 : strcpy.obj (.bss)
                  80000000    00000000                 : sprintf.obj (.bss)
                  80000000    00000000                 : round.obj (.bss)
                  80000000    00000000                 : remi.obj (.bss)
                  80000000    00000000                 : ldexp.obj (.bss)
                  80000000    00000000                 : frexp.obj (.bss)
                  80000000    00000000                 : frcdivd.obj (.bss)
                  80000000    00000000                 : fmod.obj (.bss)
                  80000000    00000000                 : exit.obj (.bss)
                  80000000    00000000                 : divd.obj (.bss)
                  80000000    00000000                 : ctype.obj (.bss)
                  80000000    00000000                 : boot.obj (.bss)
                  80000000    00000000                 : atoi.obj (.bss)
                  80000000    00000000     USBMon.obj (.bss)
                  80000000    00000000     serial.obj (.bss)
                  80000000    00000000     interrupt.obj (.bss)
                  80000000    00000000     main.obj (.bss)

.cio       0    80000000    00000000     UNINITIALIZED

.data      0    80000000    00000000     UNINITIALIZED
                  80000000    00000000     initvec.obj (.data)
                  80000000    00000000     rts6701.lib : sysmem.obj (.data)
                  80000000    00000000                 : modf.obj (.data)
                  80000000    00000000                 : memory.obj (.data)
                  80000000    00000000                 : memcpy.obj (.data)
                  80000000    00000000                 : memccpy.obj (.data)
                  80000000    00000000                 : ltoa.obj (.data)
                  80000000    00000000                 : imath40.obj (.data)
                  80000000    00000000                 : fixdli.obj (.data)
                  80000000    00000000                 : fcvt.obj (.data)
                  80000000    00000000                 : errno.obj (.data)
                  80000000    00000000                 : ecvt.obj (.data)
                  80000000    00000000                 : divu.obj (.data)
                  80000000    00000000                 : autoinit.obj (.data)
                  80000000    00000000                 : _printfi.obj (.data)
                  80000000    00000000                 : _lock.obj (.data)
                  80000000    00000000                 : trunc.obj (.data)
                  80000000    00000000                 : strlen.obj (.data)
                  80000000    00000000                 : strcpy.obj (.data)
                  80000000    00000000                 : sprintf.obj (.data)
                  80000000    00000000                 : round.obj (.data)
                  80000000    00000000                 : remi.obj (.data)
                  80000000    00000000                 : ldexp.obj (.data)
                  80000000    00000000                 : frexp.obj (.data)
                  80000000    00000000                 : frcdivd.obj (.data)
                  80000000    00000000                 : fmod.obj (.data)
                  80000000    00000000                 : exit.obj (.data)
                  80000000    00000000                 : divd.obj (.data)
                  80000000    00000000                 : ctype.obj (.data)
                  80000000    00000000                 : boot.obj (.data)
                  80000000    00000000                 : atoi.obj (.data)
                  80000000    00000000     USBMon.obj (.data)
                  80000000    00000000     serial.obj (.data)
                  80000000    00000000     interrupt.obj (.data)
                  80000000    00000000     main.obj (.data)

.far       0    800002f0    000004a4     UNINITIALIZED
                  800002f0    00000288     serial.obj (.far)
                  80000578    0000008c     rts6701.lib : exit.obj (.far)
                  80000604    00000080                 : _printfi.obj (.far)
                  80000684    00000064                 : fcvt.obj (.far)
                  800006e8    00000064                 : ecvt.obj (.far)
                  8000074c    0000001c     main.obj (.far)
                  80000768    00000014     interrupt.obj (.far)
                  8000077c    00000008     rts6701.lib : memory.obj (.far)
                  80000784    00000008                 : _lock.obj (.far)
                  8000078c    00000004                 : sprintf.obj (.far)
                  80000790    00000004                 : errno.obj (.far)

.stack     0    80000798    00001000     UNINITIALIZED
                  80000798    00000000     rts6701.lib : boot.obj (.stack)

.sysmem    0    80001798    00001000     UNINITIALIZED
                  80001798    00000000     rts6701.lib : sysmem.obj (.sysmem)

.USBMON    0    00400000    0000800c     UNINITIALIZED
                  00400000    0000800c     USBMon.obj (.USBMON)


GLOBAL SYMBOLS: SORTED ALPHABETICALLY BY Name 

address    name
--------   ----
80000000   $bss
80000000   .bss
80000000   .data
00000200   .text
00006a48   C$$EXIT
00004f30   _CheckSum
00003bf8   _GIE
00003e74   _GetCartPos
00003ef8   _GetPendulumAngle
000046e0   _ISRNMI
000046c0   _ISRextint4
000046c8   _ISRextint5
000046e8   _ISRextint6
00004a40   _ISRtimer0
00003b60   _InitEXINTF
00003be0   _InitINT
00003ba0   _InitTimer
00004da0   _InitUART
00007040   _InitUSBMon
00003d9c   _PWMOut
00004eac   _ReceiveByte
000050bc   _Report
00004ec8   _SendByte
00005024   _SendData
00003ff8   _SwingUpControl
80000768   _TFlag
80000758   _TINTCnt
0000707c   _UMAddData
00400000   _USBMonStuff
80000750   _WaitCnt
00003cc4   _WaitTFlag
00003d18   _WaitTFlagCnt
00001000   __STACK_SIZE
00001000   __SYSMEM_SIZE
80000000   ___bss__
80000000   ___cinit__
80000000   ___data__
80000000   ___edata__
80000000   ___end__
00007d80   ___etext__
ffffffff   ___pinit__
00000200   ___text__
00007740   __auto_init
800005fc   __cleanup_ptr
80000144   __ctypes_
00006a60   __divd
000055b8   __divli
00007840   __divu
000052b8   __divul
80000600   __dtors_ptr
000079c0   __fixdli
000062a0   __frcdivd
80000784   __lock
8000077c   __memory_size
00007d00   __nop
00000200   __printfi
00007d08   __register_lock
00007d1c   __register_unlock
00007a80   __remi
00005518   __remli
00005220   __remul
00006c80   __round
80000798   __stack
80001798   __sys_memory
00007d40   __trunc
80000788   __unlock
00006a48   _abort
00006970   _atexit
000074c0   _atoi
00007b20   _c_int00
000046d0   _c_int08
000046d8   _c_int09
00002f44   _calloc
80000764   _cart_R
80000774   _cart_prevErr
80000778   _cart_sumErr
800002f0   _compacket
00003c64   _delay_ms
00003c0c   _delay_us
00005aa0   _ecvt
80000790   _errno
00006820   _exit
00005ec0   _fcvt
00005680   _fmod
000033c8   _free
00007600   _frexp
00007200   _ldexp
00007380   _ltoa
000042f0   _main
00002d7c   _malloc
00003790   _memalign
00007ca0   _memccpy
00006580   _memcpy
00002d14   _minit
00007900   _modf
80000760   _pend_R
8000076c   _pend_prevErr
80000770   _pend_sumErr
00002fec   _realloc
800003dc   _respacket
00006e80   _sprintf
00007bc0   _strcpy
00007c40   _strlen
8000074c   _swingUpDirection
8000075c   _timerCheckCnt
800004b0   _tmp_string
80000754   _u
80000000   cinit
80000000   edata
80000000   end
00007d80   etext
ffffffff   pinit


GLOBAL SYMBOLS: SORTED BY Symbol Address 

address    name
--------   ----
00000200   .text
00000200   ___text__
00000200   __printfi
00001000   __STACK_SIZE
00001000   __SYSMEM_SIZE
00002d14   _minit
00002d7c   _malloc
00002f44   _calloc
00002fec   _realloc
000033c8   _free
00003790   _memalign
00003b60   _InitEXINTF
00003ba0   _InitTimer
00003be0   _InitINT
00003bf8   _GIE
00003c0c   _delay_us
00003c64   _delay_ms
00003cc4   _WaitTFlag
00003d18   _WaitTFlagCnt
00003d9c   _PWMOut
00003e74   _GetCartPos
00003ef8   _GetPendulumAngle
00003ff8   _SwingUpControl
000042f0   _main
000046c0   _ISRextint4
000046c8   _ISRextint5
000046d0   _c_int08
000046d8   _c_int09
000046e0   _ISRNMI
000046e8   _ISRextint6
00004a40   _ISRtimer0
00004da0   _InitUART
00004eac   _ReceiveByte
00004ec8   _SendByte
00004f30   _CheckSum
00005024   _SendData
000050bc   _Report
00005220   __remul
000052b8   __divul
00005518   __remli
000055b8   __divli
00005680   _fmod
00005aa0   _ecvt
00005ec0   _fcvt
000062a0   __frcdivd
00006580   _memcpy
00006820   _exit
00006970   _atexit
00006a48   C$$EXIT
00006a48   _abort
00006a60   __divd
00006c80   __round
00006e80   _sprintf
00007040   _InitUSBMon
0000707c   _UMAddData
00007200   _ldexp
00007380   _ltoa
000074c0   _atoi
00007600   _frexp
00007740   __auto_init
00007840   __divu
00007900   _modf
000079c0   __fixdli
00007a80   __remi
00007b20   _c_int00
00007bc0   _strcpy
00007c40   _strlen
00007ca0   _memccpy
00007d00   __nop
00007d08   __register_lock
00007d1c   __register_unlock
00007d40   __trunc
00007d80   ___etext__
00007d80   etext
00400000   _USBMonStuff
80000000   ___data__
80000000   .bss
80000000   ___end__
80000000   ___edata__
80000000   ___cinit__
80000000   edata
80000000   end
80000000   cinit
80000000   ___bss__
80000000   .data
80000000   $bss
80000144   __ctypes_
800002f0   _compacket
800003dc   _respacket
800004b0   _tmp_string
800005fc   __cleanup_ptr
80000600   __dtors_ptr
8000074c   _swingUpDirection
80000750   _WaitCnt
80000754   _u
80000758   _TINTCnt
8000075c   _timerCheckCnt
80000760   _pend_R
80000764   _cart_R
80000768   _TFlag
8000076c   _pend_prevErr
80000770   _pend_sumErr
80000774   _cart_prevErr
80000778   _cart_sumErr
8000077c   __memory_size
80000784   __lock
80000788   __unlock
80000790   _errno
80000798   __stack
80001798   __sys_memory
ffffffff   pinit
ffffffff   ___pinit__

[112 symbols]
